2026-06-25 10:38:58,088 - AEGIS - INFO - AEGIS starting...
2026-06-25 10:39:04,206 - AEGIS - ERROR - Missing dependencies: opencv-python, pillow
2026-06-25 10:40:25,877 - AEGIS - INFO - AEGIS starting...
2026-06-25 10:40:28,795 - AEGIS - INFO - Initializing AEGIS application...
2026-06-25 10:40:28,807 - AEGIS - INFO - Starting GUI...
2026-06-25 10:46:14,528 - AEGIS - INFO - AEGIS starting...
2026-06-25 10:46:15,241 - AEGIS - INFO - Initializing AEGIS application...
2026-06-25 10:46:15,245 - AEGIS - INFO - Starting GUI...
2026-06-25 10:47:13,335 - AEGIS - INFO - AEGIS starting...
2026-06-25 10:47:13,770 - AEGIS - INFO - Initializing AEGIS application...
2026-06-25 10:47:13,771 - AEGIS - INFO - Starting GUI...
2026-06-25 10:47:24,414 - AEGIS - INFO - AEGIS shutdown complete
2026-06-25 10:51:12,879 - AEGIS - INFO - AEGIS starting...
2026-06-25 10:51:13,652 - AEGIS - INFO - Initializing AEGIS application...
2026-06-25 10:51:13,653 - AEGIS - INFO - Starting GUI...
2026-06-25 10:57:15,151 - AEGIS - INFO - AEGIS shutdown complete
2026-06-25 11:02:56,943 - AEGIS - INFO - AEGIS starting...
2026-06-25 11:02:57,555 - AEGIS - INFO - Initializing AEGIS application...
2026-06-25 11:02:57,556 - AEGIS - INFO - Starting GUI...
2026-06-25 11:03:08,253 - AEGIS - INFO - AEGIS shutdown complete
2026-06-25 11:08:58,614 - AEGIS - INFO - AEGIS starting...
2026-06-25 11:08:59,193 - AEGIS - INFO - Initializing AEGIS application...
2026-06-25 11:08:59,194 - AEGIS - INFO - Starting GUI...
2026-06-25 11:09:12,076 - AEGIS - INFO - AEGIS shutdown complete
2026-06-25 11:10:46,213 - AEGIS - INFO - AEGIS starting...
2026-06-25 11:10:46,832 - AEGIS - INFO - Initializing AEGIS application...
2026-06-25 11:10:46,833 - AEGIS - INFO - Starting GUI...
2026-06-25 11:12:16,781 - AEGIS - INFO - AEGIS starting...
2026-06-25 11:12:17,538 - AEGIS - INFO - Initializing AEGIS application...
2026-06-25 11:12:17,539 - AEGIS - INFO - Starting GUI...
2026-06-25 11:12:29,696 - httpx - INFO - HTTP Request: GET https://generativelanguage.googleapis.com/v1beta/models?key=AIzaSyC6emAZNUGhfA2GXV3quCEEZLfFgJCLuRk "HTTP/1.1 400 Bad Request"
2026-06-25 11:22:21,011 - AEGIS - INFO - AEGIS starting...
2026-06-25 11:22:21,858 - AEGIS - INFO - Initializing AEGIS application...
2026-06-25 11:22:21,859 - AEGIS - INFO - Starting GUI...
2026-06-25 11:22:33,180 - httpx - INFO - HTTP Request: GET https://generativelanguage.googleapis.com/v1beta/models?key=AIzaSyC6emAZNUGhfA2GXV3quCEEZLfFgJCLuRk "HTTP/1.1 400 Bad Request"
2026-06-25 11:22:41,934 - httpx - INFO - HTTP Request: GET https://generativelanguage.googleapis.com/v1beta/models?key=AIzaSyC6emAZNUGhfA2GXV3quCEEZLfFgJCLuRk "HTTP/1.1 400 Bad Request"
2026-06-25 11:45:12,011 - AEGIS - INFO - AEGIS starting...
2026-06-25 11:45:12,583 - AEGIS - INFO - Initializing AEGIS application...
2026-06-25 11:45:12,584 - AEGIS - INFO - Starting GUI...
2026-06-25 11:45:22,740 - httpx - INFO - HTTP Request: GET https://generativelanguage.googleapis.com/v1beta/models?key=AIzaSyC6emAZNUGhfA2GXV3quCEEZLfFgJCLuRk "HTTP/1.1 400 Bad Request"
2026-06-25 11:45:32,205 - httpx - INFO - HTTP Request: GET https://generativelanguage.googleapis.com/v1beta/models?key=AIzaSyC6emAZNUGhfA2GXV3quCEEZLfFgJCLuRk "HTTP/1.1 400 Bad Request"
2026-06-25 11:45:50,702 - httpx - INFO - HTTP Request: GET https://generativelanguage.googleapis.com/v1beta/models?key=AIzaSyC6emAZNUGhfA2GXV3quCEEZLfFgJCLuRk "HTTP/1.1 400 Bad Request"
2026-06-25 11:46:09,071 - httpx - INFO - HTTP Request: GET https://generativelanguage.googleapis.com/v1beta/models?key=AIzaSyC6emAZNUGhfA2GXV3quCEEZLfFgJCLuRk "HTTP/1.1 400 Bad Request"
2026-06-25 11:46:28,137 - httpx - INFO - HTTP Request: GET https://generativelanguage.googleapis.com/v1beta/models?key=AIzaSyC6emAZNUGhfA2GXV3quCEEZLfFgJCLuRk "HTTP/1.1 400 Bad Request"
2026-06-25 11:46:46,605 - httpx - INFO - HTTP Request: GET https://generativelanguage.googleapis.com/v1beta/models?key=AIzaSyC6emAZNUGhfA2GXV3quCEEZLfFgJCLuRk "HTTP/1.1 400 Bad Request"
2026-06-25 11:47:04,966 - httpx - INFO - HTTP Request: GET https://generativelanguage.googleapis.com/v1beta/models?key=AIzaSyC6emAZNUGhfA2GXV3quCEEZLfFgJCLuRk "HTTP/1.1 400 Bad Request"
2026-06-25 11:47:21,481 - AEGIS - INFO - AEGIS shutdown complete
2026-06-25 11:48:37,842 - AEGIS - INFO - AEGIS starting...
2026-06-25 11:48:38,262 - AEGIS - INFO - Initializing AEGIS application...
2026-06-25 11:48:38,263 - AEGIS - INFO - Starting GUI...
2026-06-25 11:48:48,258 - httpx - INFO - HTTP Request: GET https://generativelanguage.googleapis.com/v1beta/models?key=AIzaSyC6emAZNUGhfA2GXV3quCEEZLfFgJCLuRk "HTTP/1.1 400 Bad Request"
2026-06-25 11:48:57,777 - httpx - INFO - HTTP Request: GET https://generativelanguage.googleapis.com/v1beta/models?key=AIzaSyC6emAZNUGhfA2GXV3quCEEZLfFgJCLuRk "HTTP/1.1 400 Bad Request"
2026-06-25 11:49:16,165 - httpx - INFO - HTTP Request: GET https://generativelanguage.googleapis.com/v1beta/models?key=AIzaSyC6emAZNUGhfA2GXV3quCEEZLfFgJCLuRk "HTTP/1.1 400 Bad Request"
2026-06-25 11:49:34,579 - httpx - INFO - HTTP Request: GET https://generativelanguage.googleapis.com/v1beta/models?key=AIzaSyC6emAZNUGhfA2GXV3quCEEZLfFgJCLuRk "HTTP/1.1 400 Bad Request"
2026-06-25 11:49:53,177 - httpx - INFO - HTTP Request: GET https://generativelanguage.googleapis.com/v1beta/models?key=AIzaSyC6emAZNUGhfA2GXV3quCEEZLfFgJCLuRk "HTTP/1.1 400 Bad Request"
2026-06-25 11:50:11,649 - httpx - INFO - HTTP Request: GET https://generativelanguage.googleapis.com/v1beta/models?key=AIzaSyC6emAZNUGhfA2GXV3quCEEZLfFgJCLuRk "HTTP/1.1 400 Bad Request"
2026-06-25 11:50:30,048 - httpx - INFO - HTTP Request: GET https://generativelanguage.googleapis.com/v1beta/models?key=AIzaSyC6emAZNUGhfA2GXV3quCEEZLfFgJCLuRk "HTTP/1.1 400 Bad Request"
2026-06-25 11:50:48,679 - httpx - INFO - HTTP Request: GET https://generativelanguage.googleapis.com/v1beta/models?key=AIzaSyC6emAZNUGhfA2GXV3quCEEZLfFgJCLuRk "HTTP/1.1 400 Bad Request"
2026-06-25 11:51:07,147 - httpx - INFO - HTTP Request: GET https://generativelanguage.googleapis.com/v1beta/models?key=AIzaSyC6emAZNUGhfA2GXV3quCEEZLfFgJCLuRk "HTTP/1.1 400 Bad Request"
2026-06-25 11:51:25,645 - httpx - INFO - HTTP Request: GET https://generativelanguage.googleapis.com/v1beta/models?key=AIzaSyC6emAZNUGhfA2GXV3quCEEZLfFgJCLuRk "HTTP/1.1 400 Bad Request"
2026-06-25 11:51:44,040 - httpx - INFO - HTTP Request: GET https://generativelanguage.googleapis.com/v1beta/models?key=AIzaSyC6emAZNUGhfA2GXV3quCEEZLfFgJCLuRk "HTTP/1.1 400 Bad Request"
2026-06-25 11:52:02,544 - httpx - INFO - HTTP Request: GET https://generativelanguage.googleapis.com/v1beta/models?key=AIzaSyC6emAZNUGhfA2GXV3quCEEZLfFgJCLuRk "HTTP/1.1 400 Bad Request"
2026-06-25 11:52:20,888 - httpx - INFO - HTTP Request: GET https://generativelanguage.googleapis.com/v1beta/models?key=AIzaSyC6emAZNUGhfA2GXV3quCEEZLfFgJCLuRk "HTTP/1.1 400 Bad Request"
2026-06-25 11:52:39,301 - httpx - INFO - HTTP Request: GET https://generativelanguage.googleapis.com/v1beta/models?key=AIzaSyC6emAZNUGhfA2GXV3quCEEZLfFgJCLuRk "HTTP/1.1 400 Bad Request"
2026-06-25 11:52:57,660 - httpx - INFO - HTTP Request: GET https://generativelanguage.googleapis.com/v1beta/models?key=AIzaSyC6emAZNUGhfA2GXV3quCEEZLfFgJCLuRk "HTTP/1.1 400 Bad Request"
2026-06-25 11:53:10,656 - httpx - INFO - HTTP Request: POST https://api.telegram.org/bot8668049244:AAHo3gpTFTrfvYis2QaxVeH%20jSM3cgL5WYac/getMe "HTTP/1.1 404 Not Found"
2026-06-25 11:53:16,156 - httpx - INFO - HTTP Request: GET https://generativelanguage.googleapis.com/v1beta/models?key=AIzaSyC6emAZNUGhfA2GXV3quCEEZLfFgJCLuRk "HTTP/1.1 400 Bad Request"
2026-06-25 11:53:24,804 - httpx - INFO - HTTP Request: POST https://api.telegram.org/bot8668049244:AAHo3gpTFTrfvYis2QaxVeH%20jSM3cgL5WYac/getMe "HTTP/1.1 404 Not Found"
2026-06-25 11:53:34,578 - httpx - INFO - HTTP Request: GET https://generativelanguage.googleapis.com/v1beta/models?key=AIzaSyC6emAZNUGhfA2GXV3quCEEZLfFgJCLuRk "HTTP/1.1 400 Bad Request"
2026-06-25 11:53:53,002 - httpx - INFO - HTTP Request: GET https://generativelanguage.googleapis.com/v1beta/models?key=AIzaSyC6emAZNUGhfA2GXV3quCEEZLfFgJCLuRk "HTTP/1.1 400 Bad Request"
2026-06-25 11:54:11,499 - httpx - INFO - HTTP Request: GET https://generativelanguage.googleapis.com/v1beta/models?key=AIzaSyC6emAZNUGhfA2GXV3quCEEZLfFgJCLuRk "HTTP/1.1 400 Bad Request"
2026-06-25 11:54:29,897 - httpx - INFO - HTTP Request: GET https://generativelanguage.googleapis.com/v1beta/models?key=AIzaSyC6emAZNUGhfA2GXV3quCEEZLfFgJCLuRk "HTTP/1.1 400 Bad Request"
2026-06-25 11:54:45,977 - httpx - INFO - HTTP Request: GET http://localhost:1234/v1/models "HTTP/1.1 200 OK"
2026-06-25 11:54:46,331 - httpx - INFO - HTTP Request: GET https://generativelanguage.googleapis.com/v1beta/models?key=AIzaSyC6emAZNUGhfA2GXV3quCEEZLfFgJCLuRk "HTTP/1.1 400 Bad Request"
2026-06-25 11:55:02,437 - httpx - INFO - HTTP Request: GET http://localhost:1234/v1/models "HTTP/1.1 200 OK"
2026-06-25 11:55:02,617 - httpx - INFO - HTTP Request: GET https://generativelanguage.googleapis.com/v1beta/models?key=AIzaSyC6emAZNUGhfA2GXV3quCEEZLfFgJCLuRk "HTTP/1.1 400 Bad Request"
2026-06-25 11:55:18,702 - httpx - INFO - HTTP Request: GET http://localhost:1234/v1/models "HTTP/1.1 200 OK"
2026-06-25 11:55:18,896 - httpx - INFO - HTTP Request: GET https://generativelanguage.googleapis.com/v1beta/models?key=AIzaSyC6emAZNUGhfA2GXV3quCEEZLfFgJCLuRk "HTTP/1.1 400 Bad Request"
2026-06-25 11:55:34,991 - httpx - INFO - HTTP Request: GET http://localhost:1234/v1/models "HTTP/1.1 200 OK"
2026-06-25 11:55:35,436 - httpx - INFO - HTTP Request: GET https://generativelanguage.googleapis.com/v1beta/models?key=AIzaSyC6emAZNUGhfA2GXV3quCEEZLfFgJCLuRk "HTTP/1.1 400 Bad Request"
2026-06-25 11:55:40,044 - httpx - INFO - HTTP Request: GET http://127.0.0.1:1234/v1/models "HTTP/1.1 200 OK"
2026-06-25 11:55:49,507 - httpx - INFO - HTTP Request: GET http://127.0.0.1:1234/v1/models "HTTP/1.1 200 OK"
2026-06-25 11:55:49,838 - httpx - INFO - HTTP Request: GET https://generativelanguage.googleapis.com/v1beta/models?key=AIzaSyC6emAZNUGhfA2GXV3quCEEZLfFgJCLuRk "HTTP/1.1 400 Bad Request"
2026-06-25 11:56:03,937 - httpx - INFO - HTTP Request: GET http://127.0.0.1:1234/v1/models "HTTP/1.1 200 OK"
2026-06-25 11:56:04,207 - httpx - INFO - HTTP Request: GET https://generativelanguage.googleapis.com/v1beta/models?key=AIzaSyC6emAZNUGhfA2GXV3quCEEZLfFgJCLuRk "HTTP/1.1 400 Bad Request"
2026-06-25 11:56:18,303 - httpx - INFO - HTTP Request: GET http://127.0.0.1:1234/v1/models "HTTP/1.1 200 OK"
2026-06-25 11:56:18,518 - httpx - INFO - HTTP Request: GET https://generativelanguage.googleapis.com/v1beta/models?key=AIzaSyC6emAZNUGhfA2GXV3quCEEZLfFgJCLuRk "HTTP/1.1 400 Bad Request"
2026-06-25 11:56:32,613 - httpx - INFO - HTTP Request: GET http://127.0.0.1:1234/v1/models "HTTP/1.1 200 OK"
2026-06-25 11:56:32,909 - httpx - INFO - HTTP Request: GET https://generativelanguage.googleapis.com/v1beta/models?key=AIzaSyC6emAZNUGhfA2GXV3quCEEZLfFgJCLuRk "HTTP/1.1 400 Bad Request"
2026-06-25 11:56:39,338 - httpx - INFO - HTTP Request: POST https://api.telegram.org/bot8668049244:AAHo3gpTFTrfvYis2QaxVeH%20jSM3cgL5WYac/getMe "HTTP/1.1 404 Not Found"
2026-06-25 11:56:47,008 - httpx - INFO - HTTP Request: GET http://127.0.0.1:1234/v1/models "HTTP/1.1 200 OK"
2026-06-25 11:56:47,289 - httpx - INFO - HTTP Request: GET https://generativelanguage.googleapis.com/v1beta/models?key=AIzaSyC6emAZNUGhfA2GXV3quCEEZLfFgJCLuRk "HTTP/1.1 400 Bad Request"
2026-06-25 11:57:01,368 - httpx - INFO - HTTP Request: GET http://127.0.0.1:1234/v1/models "HTTP/1.1 200 OK"
2026-06-25 11:57:01,623 - httpx - INFO - HTTP Request: GET https://generativelanguage.googleapis.com/v1beta/models?key=AIzaSyC6emAZNUGhfA2GXV3quCEEZLfFgJCLuRk "HTTP/1.1 400 Bad Request"
2026-06-25 11:57:19,583 - AEGIS - INFO - AEGIS starting...
2026-06-25 11:57:20,254 - AEGIS - INFO - Initializing AEGIS application...
2026-06-25 11:57:20,255 - AEGIS - INFO - Starting GUI...
2026-06-25 11:57:28,366 - httpx - INFO - HTTP Request: GET http://localhost:1234/v1/models "HTTP/1.1 200 OK"
2026-06-25 11:57:28,657 - httpx - INFO - HTTP Request: GET https://generativelanguage.googleapis.com/v1beta/models?key=AIzaSyC6emAZNUGhfA2GXV3quCEEZLfFgJCLuRk "HTTP/1.1 400 Bad Request"
2026-06-25 11:57:44,804 - httpx - INFO - HTTP Request: GET http://localhost:1234/v1/models "HTTP/1.1 200 OK"
2026-06-25 11:57:45,092 - httpx - INFO - HTTP Request: GET https://generativelanguage.googleapis.com/v1beta/models?key=AIzaSyC6emAZNUGhfA2GXV3quCEEZLfFgJCLuRk "HTTP/1.1 400 Bad Request"
2026-06-25 11:58:01,179 - httpx - INFO - HTTP Request: GET http://localhost:1234/v1/models "HTTP/1.1 200 OK"
2026-06-25 11:58:01,425 - httpx - INFO - HTTP Request: GET https://generativelanguage.googleapis.com/v1beta/models?key=AIzaSyC6emAZNUGhfA2GXV3quCEEZLfFgJCLuRk "HTTP/1.1 400 Bad Request"
2026-06-25 11:58:17,551 - httpx - INFO - HTTP Request: GET http://localhost:1234/v1/models "HTTP/1.1 200 OK"
2026-06-25 11:58:17,824 - httpx - INFO - HTTP Request: GET https://generativelanguage.googleapis.com/v1beta/models?key=AIzaSyC6emAZNUGhfA2GXV3quCEEZLfFgJCLuRk "HTTP/1.1 400 Bad Request"
2026-06-25 11:58:33,966 - httpx - INFO - HTTP Request: GET http://localhost:1234/v1/models "HTTP/1.1 200 OK"
2026-06-25 11:58:34,174 - httpx - INFO - HTTP Request: GET https://generativelanguage.googleapis.com/v1beta/models?key=AIzaSyC6emAZNUGhfA2GXV3quCEEZLfFgJCLuRk "HTTP/1.1 400 Bad Request"
2026-06-25 11:58:50,267 - httpx - INFO - HTTP Request: GET http://localhost:1234/v1/models "HTTP/1.1 200 OK"
2026-06-25 11:58:50,614 - httpx - INFO - HTTP Request: GET https://generativelanguage.googleapis.com/v1beta/models?key=AIzaSyC6emAZNUGhfA2GXV3quCEEZLfFgJCLuRk "HTTP/1.1 400 Bad Request"
2026-06-25 11:59:06,749 - httpx - INFO - HTTP Request: GET http://localhost:1234/v1/models "HTTP/1.1 200 OK"
2026-06-25 11:59:06,988 - httpx - INFO - HTTP Request: GET https://generativelanguage.googleapis.com/v1beta/models?key=AIzaSyC6emAZNUGhfA2GXV3quCEEZLfFgJCLuRk "HTTP/1.1 400 Bad Request"
2026-06-25 11:59:23,108 - httpx - INFO - HTTP Request: GET http://localhost:1234/v1/models "HTTP/1.1 200 OK"
2026-06-25 11:59:23,327 - httpx - INFO - HTTP Request: GET https://generativelanguage.googleapis.com/v1beta/models?key=AIzaSyC6emAZNUGhfA2GXV3quCEEZLfFgJCLuRk "HTTP/1.1 400 Bad Request"
2026-06-25 11:59:39,420 - httpx - INFO - HTTP Request: GET http://localhost:1234/v1/models "HTTP/1.1 200 OK"
2026-06-25 11:59:39,610 - httpx - INFO - HTTP Request: GET https://generativelanguage.googleapis.com/v1beta/models?key=AIzaSyC6emAZNUGhfA2GXV3quCEEZLfFgJCLuRk "HTTP/1.1 400 Bad Request"
2026-06-25 11:59:55,722 - httpx - INFO - HTTP Request: GET http://localhost:1234/v1/models "HTTP/1.1 200 OK"
2026-06-25 11:59:56,013 - httpx - INFO - HTTP Request: GET https://generativelanguage.googleapis.com/v1beta/models?key=AIzaSyC6emAZNUGhfA2GXV3quCEEZLfFgJCLuRk "HTTP/1.1 400 Bad Request"
2026-06-25 12:00:12,109 - httpx - INFO - HTTP Request: GET http://localhost:1234/v1/models "HTTP/1.1 200 OK"
2026-06-25 12:00:12,390 - httpx - INFO - HTTP Request: GET https://generativelanguage.googleapis.com/v1beta/models?key=AIzaSyC6emAZNUGhfA2GXV3quCEEZLfFgJCLuRk "HTTP/1.1 400 Bad Request"
2026-06-25 12:05:58,029 - AEGIS - INFO - AEGIS starting...
2026-06-25 12:05:58,865 - AEGIS - INFO - Initializing AEGIS application...
2026-06-25 12:05:58,870 - AEGIS - INFO - Starting GUI...
2026-06-25 12:13:17,034 - AEGIS - INFO - AEGIS starting...
2026-06-25 12:13:18,052 - AEGIS - INFO - Initializing AEGIS application...
2026-06-25 12:13:18,053 - AEGIS - INFO - Starting GUI...
2026-06-25 12:13:28,232 - AEGIS - INFO - AEGIS starting...
2026-06-25 12:13:28,693 - AEGIS - INFO - Initializing AEGIS application...
2026-06-25 12:13:28,694 - AEGIS - INFO - Starting GUI...
